// Jest Snapshot v1, https://goo.gl/fbAQLP

exports[`Ribbon matches snapshot 1`] = `
<div>
  <div
    aria-hidden="true"
    class="c-ribbon undefined"
  >
    <div
      class="c-globe"
    >
      <div
        class="c-globe__long"
      >
        <span
          style="--i: 0;"
        />
        <span
          style="--i: 1;"
        />
        <span
          style="--i: 2;"
        />
        <span
          style="--i: 3;"
        />
        <span
          style="--i: 4;"
        />
      </div>
      <div
        class="c-globe__lat"
      />
    </div>
    <svg
      fill="none"
      viewBox="0 0 263 104"
      xmlns="http://www.w3.org/2000/svg"
    >
      <path
        d="M211.56 0.00195312C220.127 0.510954 232.904 3.70805 243.465 11.6768C254.072 19.6801 262.407 32.4756 262 52.0205C261.593 71.5449 253.099 84.323 242.619 92.3203C232.179 100.287 219.804 103.488 211.562 103.998L211.531 104H-38V0H211.529L211.56 0.00195312ZM209 17C189.67 17 174 32.67 174 52C174 71.33 189.67 87 209 87C228.33 87 244 71.33 244 52C244 32.67 228.33 17 209 17Z"
        fill="#1C1D20"
      />
      <text
        fill="white"
        font-family="Albert Sans, sans-serif"
        font-size="16"
        font-weight="200"
        x="45"
        y="35"
      >
        Shipping
        <tspan
          dy="20"
          x="45"
        >
          Global
        </tspan>
        <tspan
          dy="20"
          x="45"
        >
          Solutions
        </tspan>
      </text>
    </svg>
  </div>
</div>
`;
